// Jest Snapshot v1, https://goo.gl/fbAQLP

exports[`UserPosts should render AllPosts component 1`] = `ShallowWrapper {}`;
